Archive member included because of file (symbol)

/usr/lib/gcc/arm-none-eabi/4.9.3/libgcc.a(_udivsi3.o)
                              binaries/qsort.o (__aeabi_uidiv)
/usr/lib/gcc/arm-none-eabi/4.9.3/libgcc.a(_divsi3.o)
                              binaries/xsh_help.o (__aeabi_idiv)
/usr/lib/gcc/arm-none-eabi/4.9.3/libgcc.a(_dvmd_tls.o)
                              /usr/lib/gcc/arm-none-eabi/4.9.3/libgcc.a(_udivsi3.o) (__aeabi_idiv0)

Allocating common symbols
Common symbol       size              file

netbufpool          0x4               binaries/net.o
readylist           0x2               binaries/ready.o
rfltab              0x5a0             binaries/rflinit.o
sleepq              0x2               binaries/clkinit.o
pid                 0x4               binaries/xsh_memmgmt.o
n                   0x4               binaries/xsh_memmgmt.o
intc_vector         0x200             binaries/evec.o
nnames              0x4               binaries/naminit.o
udptab              0x168             binaries/udp.o
minheap             0x4               binaries/meminit.o
marks               0x50              binaries/mark.o
currpid             0x4               binaries/initialize.o
Lf_data             0x20c             binaries/lfsinit.o
porttab             0x2d0             binaries/ptinit.o
ttytab              0x10c             binaries/ttyinit.o
f_queue             0x4               binaries/xsh_prodcons.o
proctab             0x15e0            binaries/initialize.o
eth_a_regs          0x1c              binaries/ethinit.o
prcount             0x4               binaries/initialize.o
prptr               0x4               binaries/xsh_memmgmt.o
lfltab              0xf00             binaries/lflinit.o
rdstab              0x8c              binaries/rdsinit.o
ethertab            0x138             binaries/ethinit.o
nsaddr              0x4               binaries/dns.o
NetData             0xa8              binaries/net.o
nmarks              0x4               binaries/mark.o
memptr              0x4               binaries/xsh_memmgmt.o
Defer               0x8               binaries/resched.o
semtab              0x4b0             binaries/initialize.o
maxheap             0x4               binaries/meminit.o
preempt             0x4               binaries/clkinit.o
buftab              0xf0              binaries/bufinit.o
Rf_data             0x18              binaries/rfsinit.o
f_shared            0x4               binaries/xsh_prodcons.o
mkmutex             0x4               binaries/mark.o
clktime             0x4               binaries/clkinit.o
cpudelay            0x4               binaries/main.o
arpcache            0x140             binaries/arp.o
icmptab             0x230             binaries/icmp.o
nbpools             0x4               binaries/bufinit.o
queuetab            0x980             binaries/queue.o
ptnextid            0x4               binaries/ptinit.o
Ram                 0x19000           binaries/raminit.o
f_exclusive         0x4               binaries/xsh_prodcons.o
ipoqueue            0x2c              binaries/ip.o
consumed            0x4               binaries/xsh_memmgmt.o
memlist             0x8               binaries/initialize.o
produced            0x4               binaries/xsh_memmgmt.o
nametab             0x19a0            binaries/naminit.o
ptfree              0x4               binaries/ptinit.o

Memory Configuration

Name             Origin             Length             Attributes
*default*        0x0000000000000000 0xffffffffffffffff

Linker script and memory map

                0x0000000081000000                physbase = 0x81000000
                0x0000000081000000                . = physbase
                0x0000000081000000                . = ALIGN (0x1000)

.text           0x0000000081000000    0x18000
                0x0000000081000000                text = ABSOLUTE (.)
 *(.text .text.*)
 .text          0x0000000081000000       0x4c binaries/start.o
                0x0000000081000000                start
 .text          0x000000008100004c      0x370 binaries/ascdate.o
                0x000000008100004c                ascdate
 .text          0x00000000810003bc       0x18 binaries/bufinit.o
                0x00000000810003bc                bufinit
 .text          0x00000000810003d4       0x70 binaries/chprio.o
                0x00000000810003d4                chprio
 .text          0x0000000081000444       0xf0 binaries/clkhandler.o
                0x0000000081000444                clkhandler
 .text          0x0000000081000534       0xd4 binaries/clkinit.o
                0x0000000081000534                clkinit
 .text          0x0000000081000608       0x5c binaries/close.o
                0x0000000081000608                close
 .text          0x0000000081000664        0x0 binaries/conf.o
 .text          0x0000000081000664       0x70 binaries/control.o
                0x0000000081000664                control
 .text          0x00000000810006d4      0x2c0 binaries/create.o
                0x00000000810006d4                create
 .text          0x0000000081000994       0xb0 binaries/evec.o
                0x0000000081000994                initintc
                0x00000000810009c0                set_evec
                0x0000000081000a00                irq_dispatch
 .text          0x0000000081000a44       0x10 binaries/exit.o
                0x0000000081000a44                exit
 .text          0x0000000081000a54       0xcc binaries/f_queue.o
                0x0000000081000a54                feq
                0x0000000081000ab0                fdq
                0x0000000081000b10                fisempty
 .text          0x0000000081000b20       0x84 binaries/freebuf.o
                0x0000000081000b20                freebuf
 .text          0x0000000081000ba4      0x150 binaries/freemem.o
                0x0000000081000ba4                freemem
 .text          0x0000000081000cf4       0x94 binaries/future_alloc.o
                0x0000000081000cf4                future_alloc
 .text          0x0000000081000d88       0x80 binaries/future_free.o
                0x0000000081000d88                future_free
 .text          0x0000000081000e08      0x284 binaries/future_get.o
                0x0000000081000e08                future_get
 .text          0x000000008100108c      0x1a8 binaries/future_set.o
                0x000000008100108c                future_set
 .text          0x0000000081001234       0x7c binaries/getbuf.o
                0x0000000081001234                getbuf
 .text          0x00000000810012b0       0x5c binaries/getc.o
                0x00000000810012b0                getc
 .text          0x000000008100130c       0x68 binaries/getdev.o
                0x000000008100130c                getdev
 .text          0x0000000081001374       0xa0 binaries/getitem.o
                0x0000000081001374                getitem
                0x00000000810013a4                getfirst
                0x00000000810013d8                getlast
 .text          0x0000000081001414      0x108 binaries/getmem.o
                0x0000000081001414                getmem
 .text          0x000000008100151c       0x10 binaries/getpid.o
                0x000000008100151c                getpid
 .text          0x000000008100152c       0x5c binaries/getprio.o
                0x000000008100152c                getprio
 .text          0x0000000081001588       0xd0 binaries/getstk.o
                0x0000000081001588                getstk
 .text          0x0000000081001658       0x38 binaries/gettime.o
                0x0000000081001658                gettime
 .text          0x0000000081001690      0x1c8 binaries/getutime.o
                0x0000000081001690                getutime
 .text          0x0000000081001858       0x5c binaries/init.o
                0x0000000081001858                init
 .text          0x00000000810018b4      0x2f8 binaries/initialize.o
                0x00000000810018b4                nulluser
                0x0000000081001b4c                stop
                0x0000000081001b70                delay
 .text          0x0000000081001bac       0xc0 binaries/insert.o
                0x0000000081001bac                insert
 .text          0x0000000081001c6c      0x12c binaries/insertd.o
                0x0000000081001c6c                insertd
 .text          0x0000000081001d98        0x8 binaries/ioerr.o
                0x0000000081001d98                ioerr
 .text          0x0000000081001da0        0x8 binaries/ionull.o
                0x0000000081001da0                ionull
 .text          0x0000000081001da8      0x190 binaries/kill.o
                0x0000000081001da8                kill
 .text          0x0000000081001f38       0xb4 binaries/kprintf.o
                0x0000000081001f38                kputc
                0x0000000081001f78                kgetc
                0x0000000081001fac                kprintf
 .text          0x0000000081001fec       0xf8 binaries/main.o
                0x0000000081001fec                counterproc
                0x0000000081002028                main
 .text          0x00000000810020e4       0xd0 binaries/mark.o
                0x00000000810020e4                markinit
                0x0000000081002110                mark
 .text          0x00000000810021b4      0x2e4 binaries/memcreate.o
                0x00000000810021b4                initializeStack
                0x00000000810021d4                memcreate
 .text          0x0000000081002498       0xcc binaries/memgetstk.o
                0x0000000081002498                memgetstk
 .text          0x0000000081002564       0x44 binaries/meminit.o
                0x0000000081002564                meminit
 .text          0x00000000810025a8      0x1ec binaries/memkill.o
                0x00000000810025a8                memkill
 .text          0x0000000081002794      0x138 binaries/mkbufpool.o
                0x0000000081002794                mkbufpool
 .text          0x00000000810028cc       0x88 binaries/newqueue.o
                0x00000000810028cc                newqueue
 .text          0x0000000081002954       0x68 binaries/open.o
                0x0000000081002954                open
 .text          0x00000000810029bc       0x20 binaries/panic.o
                0x00000000810029bc                panic
 .text          0x00000000810029dc       0x48 binaries/platinit.o
                0x00000000810029dc                platinit
 .text          0x0000000081002a24       0xa8 binaries/ptclear.o
                0x0000000081002a24                _ptclear
 .text          0x0000000081002acc       0x90 binaries/ptcount.o
                0x0000000081002acc                ptcount
 .text          0x0000000081002b5c      0x100 binaries/ptcreate.o
                0x0000000081002b5c                ptcreate
 .text          0x0000000081002c5c       0x70 binaries/ptdelete.o
                0x0000000081002c5c                ptdelete
 .text          0x0000000081002ccc       0xbc binaries/ptinit.o
                0x0000000081002ccc                ptinit
 .text          0x0000000081002d88      0x144 binaries/ptrecv.o
                0x0000000081002d88                ptrecv
 .text          0x0000000081002ecc       0x6c binaries/ptreset.o
                0x0000000081002ecc                ptreset
 .text          0x0000000081002f38      0x15c binaries/ptsend.o
                0x0000000081002f38                ptsend
 .text          0x0000000081003094       0x64 binaries/putc.o
                0x0000000081003094                putc
 .text          0x00000000810030f8       0xe0 binaries/queue.o
                0x00000000810030f8                enqueue
                0x000000008100317c                dequeue
 .text          0x00000000810031d8       0x68 binaries/read.o
                0x00000000810031d8                read
 .text          0x0000000081003240       0x74 binaries/ready.o
                0x0000000081003240                ready
 .text          0x00000000810032b4       0x84 binaries/receive.o
                0x00000000810032b4                receive
 .text          0x0000000081003338       0x64 binaries/recvclr.o
                0x0000000081003338                recvclr
 .text          0x000000008100339c       0xe0 binaries/recvtime.o
                0x000000008100339c                recvtime
 .text          0x000000008100347c      0x1d0 binaries/resched.o
                0x000000008100347c                resched
                0x0000000081003598                resched_cntl
 .text          0x000000008100364c       0x88 binaries/resume.o
                0x000000008100364c                resume
 .text          0x00000000810036d4       0x64 binaries/seek.o
                0x00000000810036d4                seek
 .text          0x0000000081003738       0x58 binaries/semcount.o
                0x0000000081003738                semcount
 .text          0x0000000081003790       0xb8 binaries/semcreate.o
                0x0000000081003790                semcreate
 .text          0x0000000081003848       0xc8 binaries/semdelete.o
                0x0000000081003848                semdelete
 .text          0x0000000081003910       0xb4 binaries/semreset.o
                0x0000000081003910                semreset
 .text          0x00000000810039c4       0xc8 binaries/send.o
                0x00000000810039c4                send
 .text          0x0000000081003a8c       0x98 binaries/signal.o
                0x0000000081003a8c                signal
 .text          0x0000000081003b24       0xb8 binaries/signaln.o
                0x0000000081003b24                signaln
 .text          0x0000000081003bdc       0xd4 binaries/sleep.o
                0x0000000081003bdc                sleepms
                0x0000000081003c7c                sleep
 .text          0x0000000081003cb0       0xd0 binaries/suspend.o
                0x0000000081003cb0                suspend
 .text          0x0000000081003d80       0xa4 binaries/unsleep.o
                0x0000000081003d80                unsleep
 .text          0x0000000081003e24       0x10 binaries/userret.o
                0x0000000081003e24                userret
 .text          0x0000000081003e34       0xc4 binaries/wait.o
                0x0000000081003e34                wait
 .text          0x0000000081003ef8       0x90 binaries/wakeup.o
                0x0000000081003ef8                wakeup
 .text          0x0000000081003f88       0x68 binaries/write.o
                0x0000000081003f88                write
 .text          0x0000000081003ff0       0x18 binaries/xdone.o
                0x0000000081003ff0                xdone
 .text          0x0000000081004008       0x20 binaries/yield.o
                0x0000000081004008                yield
 .text          0x0000000081004028        0xc binaries/abs.o
                0x0000000081004028                abs
 .text          0x0000000081004034      0x130 binaries/atoi.o
                0x0000000081004034                atoi
 .text          0x0000000081004164      0x130 binaries/atol.o
                0x0000000081004164                atol
 .text          0x0000000081004294       0x20 binaries/bzero.o
                0x0000000081004294                bzero
 .text          0x00000000810042b4        0x0 binaries/ctype_.o
 .text          0x00000000810042b4      0x968 binaries/doprnt.o
                0x00000000810044a4                _doprnt
 .text          0x0000000081004c1c      0x728 binaries/doscan.o
                0x0000000081004c1c                _doscan
 .text          0x0000000081005344      0x8c0 binaries/fdoprnt.o
                0x00000000810053f4                _fdoprnt
 .text          0x0000000081005c04       0x14 binaries/fgetc.o
                0x0000000081005c04                fgetc
 .text          0x0000000081005c18       0x84 binaries/fgets.o
                0x0000000081005c18                fgets
 .text          0x0000000081005c9c       0x3c binaries/fprintf.o
                0x0000000081005c9c                fprintf
 .text          0x0000000081005cd8       0x24 binaries/fputc.o
                0x0000000081005cd8                fputc
 .text          0x0000000081005cfc       0x38 binaries/fputs.o
                0x0000000081005cfc                fputs
 .text          0x0000000081005d34       0x78 binaries/fscanf.o
                0x0000000081005d68                fscanf
 .text          0x0000000081005dac       0x2c binaries/getchar.o
                0x0000000081005dac                getchar
 .text          0x0000000081005dd8        0xc binaries/labs.o
                0x0000000081005dd8                labs
 .text          0x0000000081005de4       0x40 binaries/memchr.o
                0x0000000081005de4                memchr
 .text          0x0000000081005e24       0x58 binaries/memcmp.o
                0x0000000081005e24                memcmp
 .text          0x0000000081005e7c       0x24 binaries/memcpy.o
                0x0000000081005e7c                memcpy
 .text          0x0000000081005ea0       0x20 binaries/memset.o
                0x0000000081005ea0                memset
 .text          0x0000000081005ec0       0x58 binaries/printf.o
                0x0000000081005ec0                printf
 .text          0x0000000081005f18       0x2c binaries/putchar.o
                0x0000000081005f18                putchar
 .text          0x0000000081005f44      0x238 binaries/qsort.o
                0x000000008100615c                qsort
 .text          0x000000008100617c       0x38 binaries/rand.o
                0x000000008100617c                srand
                0x000000008100618c                rand
 .text          0x00000000810061b4       0x68 binaries/sprintf.o
                0x00000000810061cc                sprintf
 .text          0x000000008100621c       0x78 binaries/sscanf.o
                0x0000000081006250                sscanf
 .text          0x0000000081006294       0x40 binaries/strchr.o
                0x0000000081006294                strchr
 .text          0x00000000810062d4       0x54 binaries/strcmp.o
                0x00000000810062d4                strcmp
 .text          0x0000000081006328       0x1c binaries/strcpy.o
                0x0000000081006328                strcpy
 .text          0x0000000081006344       0x30 binaries/strlen.o
                0x0000000081006344                strlen
 .text          0x0000000081006374       0x50 binaries/strncat.o
                0x0000000081006374                strncat
 .text          0x00000000810063c4       0x50 binaries/strncmp.o
                0x00000000810063c4                strncmp
 .text          0x0000000081006414       0x80 binaries/strncpy.o
                0x0000000081006414                strncpy
 .text          0x0000000081006494       0x50 binaries/strnlen.o
                0x0000000081006494                strnlen
 .text          0x00000000810064e4       0x40 binaries/strrchr.o
                0x00000000810064e4                strrchr
 .text          0x0000000081006524       0xb0 binaries/strstr.o
                0x0000000081006524                strstr
 .text          0x00000000810065d4      0x154 binaries/ttycontrol.o
                0x00000000810065d4                ttycontrol
 .text          0x0000000081006728       0xc8 binaries/ttygetc.o
                0x0000000081006728                ttygetc
 .text          0x00000000810067f0      0x4d4 binaries/ttyhandle_in.o
                0x00000000810068bc                ttyhandle_in
 .text          0x0000000081006cc4      0x16c binaries/ttyhandle_out.o
                0x0000000081006cc4                ttyhandle_out
 .text          0x0000000081006e30       0xcc binaries/ttyhandler.o
                0x0000000081006e30                ttyhandler
 .text          0x0000000081006efc      0x144 binaries/ttyinit.o
                0x0000000081006efc                ttyinit
 .text          0x0000000081007040        0xc binaries/ttykickout.o
                0x0000000081007040                ttykickout
 .text          0x000000008100704c       0x9c binaries/ttyputc.o
                0x000000008100704c                ttyputc
 .text          0x00000000810070e8      0x134 binaries/ttyread.o
                0x00000000810070e8                ttyread
 .text          0x000000008100721c       0x48 binaries/ttywrite.o
                0x000000008100721c                ttywrite
 .text          0x0000000081007264      0x160 binaries/mount.o
                0x0000000081007264                namlen
                0x00000000810072bc                mount
 .text          0x00000000810073c4      0x1c0 binaries/naminit.o
                0x00000000810073c4                naminit
 .text          0x0000000081007584      0x24c binaries/nammap.o
                0x0000000081007584                namrepl
                0x00000000810076d4                namcpy
                0x0000000081007730                nammap
 .text          0x00000000810077d0       0x40 binaries/namopen.o
                0x00000000810077d0                namopen
 .text          0x0000000081007810      0x108 binaries/colon2mac.o
                0x0000000081007810                colon2mac
 .text          0x0000000081007918       0x44 binaries/ethcontrol.o
                0x0000000081007918                ethcontrol
 .text          0x000000008100795c      0x178 binaries/ethhandler.o
                0x000000008100795c                ethhandler
 .text          0x0000000081007ad4      0x7f8 binaries/ethinit.o
                0x0000000081007ad4                eth_phy_read
                0x0000000081007b38                eth_phy_write
                0x0000000081007b80                eth_phy_reset
                0x0000000081007ce0                ethinit
 .text          0x00000000810082cc       0xf8 binaries/ethread.o
                0x00000000810082cc                ethread
 .text          0x00000000810083c4       0xf8 binaries/ethwrite.o
                0x00000000810083c4                ethwrite
 .text          0x00000000810084bc       0x88 binaries/rdsbufalloc.o
                0x00000000810084bc                rdsbufalloc
 .text          0x0000000081008544       0xe8 binaries/rdsclose.o
                0x0000000081008544                rdsclose
 .text          0x000000008100862c      0x1e8 binaries/rdscomm.o
                0x000000008100862c                rdscomm
 .text          0x0000000081008814      0x1b0 binaries/rdscontrol.o
                0x0000000081008814                rdscontrol
 .text          0x00000000810089c4      0x1e0 binaries/rdsinit.o
                0x00000000810089c4                rdsinit
 .text          0x0000000081008ba4      0x1a0 binaries/rdsopen.o
                0x0000000081008ba4                rdsopen
 .text          0x0000000081008d44      0x2d4 binaries/rdsprocess.o
                0x0000000081008d44                rdsprocess
 .text          0x0000000081009018      0x240 binaries/rdsread.o
                0x0000000081009018                rdsread
 .text          0x0000000081009258      0x1d0 binaries/rdswrite.o
                0x0000000081009258                rdswrite
 .text          0x0000000081009428        0x8 binaries/ramclose.o
                0x0000000081009428                ramclose
 .text          0x0000000081009430       0x3c binaries/raminit.o
                0x0000000081009430                raminit
 .text          0x000000008100946c        0x8 binaries/ramopen.o
                0x000000008100946c                ramopen
 .text          0x0000000081009474       0x24 binaries/ramread.o
                0x0000000081009474                ramread
 .text          0x0000000081009498       0x20 binaries/ramwrite.o
                0x0000000081009498                ramwrite
 .text          0x00000000810094b8       0x94 binaries/lfdballoc.o
                0x00000000810094b8                lfdballoc
 .text          0x000000008100954c       0x4c binaries/lfdbfree.o
                0x000000008100954c                lfdbfree
 .text          0x0000000081009598       0xb8 binaries/lfflush.o
                0x0000000081009598                lfflush
 .text          0x0000000081009650       0xc8 binaries/lfgetmode.o
                0x0000000081009650                lfgetmode
 .text          0x0000000081009718       0x6c binaries/lfiballoc.o
                0x0000000081009718                lfiballoc
 .text          0x0000000081009784       0x28 binaries/lfibclear.o
                0x0000000081009784                lfibclear
 .text          0x00000000810097ac       0x64 binaries/lfibget.o
                0x00000000810097ac                lfibget
 .text          0x0000000081009810       0x90 binaries/lfibput.o
                0x0000000081009810                lfibput
 .text          0x00000000810098a0       0xc4 binaries/lflclose.o
                0x00000000810098a0                lflclose
 .text          0x0000000081009964       0xc8 binaries/lflcontrol.o
                0x0000000081009964                lflcontrol
 .text          0x0000000081009a2c      0x10c binaries/lflgetc.o
                0x0000000081009a2c                lflgetc
 .text          0x0000000081009b38       0xd0 binaries/lflinit.o
                0x0000000081009b38                lflinit
 .text          0x0000000081009c08      0x14c binaries/lflputc.o
                0x0000000081009c08                lflputc
 .text          0x0000000081009d54       0x70 binaries/lflread.o
                0x0000000081009d54                lflread
 .text          0x0000000081009dc4       0xc0 binaries/lflseek.o
                0x0000000081009dc4                lflseek
 .text          0x0000000081009e84       0x50 binaries/lflwrite.o
                0x0000000081009e84                lflwrite
 .text          0x0000000081009ed4      0x11c binaries/lfsckfmt.o
                0x0000000081009ed4                lfsckfmt
 .text          0x0000000081009ff0      0x15c binaries/lfscreate.o
                0x0000000081009ff0                lfscreate
 .text          0x000000008100a14c      0x1f0 binaries/lfsetup.o
                0x000000008100a14c                lfsetup
 .text          0x000000008100a33c       0x44 binaries/lfsinit.o
                0x000000008100a33c                lfsinit
 .text          0x000000008100a380      0x378 binaries/lfsopen.o
                0x000000008100a380                lfsopen
 .text          0x000000008100a6f8      0x110 binaries/lftruncate.o
                0x000000008100a6f8                lftruncate
 .text          0x000000008100a808       0x7c binaries/rflclose.o
                0x000000008100a808                rflclose
 .text          0x000000008100a884       0x28 binaries/rflgetc.o
                0x000000008100a884                rflgetc
 .text          0x000000008100a8ac       0x88 binaries/rflinit.o
                0x000000008100a8ac                rflinit
 .text          0x000000008100a934       0x2c binaries/rflputc.o
                0x000000008100a934                rflputc
 .text          0x000000008100a960      0x2c4 binaries/rflread.o
                0x000000008100a960                rflread
 .text          0x000000008100ac24       0x7c binaries/rflseek.o
                0x000000008100ac24                rflseek
 .text          0x000000008100aca0      0x2e0 binaries/rflwrite.o
                0x000000008100aca0                rflwrite
 .text          0x000000008100af80      0x198 binaries/rfscomm.o
                0x000000008100af80                rfscomm
 .text          0x000000008100b118      0x224 binaries/rfscontrol.o
                0x000000008100b118                rfscontrol
 .text          0x000000008100b33c       0xc8 binaries/rfsgetmode.o
                0x000000008100b33c                rfsgetmode
 .text          0x000000008100b404       0x84 binaries/rfsinit.o
                0x000000008100b404                rfsinit
 .text          0x000000008100b488       0x98 binaries/rfsndmsg.o
                0x000000008100b488                rfsndmsg
 .text          0x000000008100b520      0x238 binaries/rfsopen.o
                0x000000008100b520                rfsopen
 .text          0x000000008100b758      0x780 binaries/arp.o
                0x000000008100b758                arp_init
                0x000000008100b778                arp_alloc
                0x000000008100b850                arp_ntoh
                0x000000008100b8f4                arp_hton
                0x000000008100b998                arp_resolve
                0x000000008100bc30                arp_in
 .text          0x000000008100bed8      0xd78 binaries/dhcp.o
                0x000000008100bed8                dump_dhcp_msg
                0x000000008100c4fc                get_dhcp_option_value
                0x000000008100c558                build_dhcp_discover
                0x000000008100c684                build_dhcp_request
                0x000000008100c830                getlocalip_boot
                0x000000008100cc38                getlocalip
 .text          0x000000008100cc50      0x414 binaries/dns.o
                0x000000008100cc50                dns_bldq
                0x000000008100ccfc                dns_getrname
                0x000000008100cdc0                dns_geta
                0x000000008100cef0                dns_qa
 .text          0x000000008100d064      0x108 binaries/dot2ip.o
                0x000000008100d064                dot2ip
 .text          0x000000008100d16c      0x328 binaries/hexdump.o
                0x000000008100d16c                hexdump
                0x000000008100d2b8                hexadump
 .text          0x000000008100d494      0x71c binaries/icmp.o
                0x000000008100d494                icmp_init
                0x000000008100d4b8                icmp_register
                0x000000008100d578                icmp_recv
                0x000000008100d718                icmp_mkpkt
                0x000000008100d808                icmp_in
                0x000000008100d994                icmp_send
                0x000000008100da04                icmp_release
                0x000000008100daec                icmp_cksum
                0x000000008100db48                icmp_hton
                0x000000008100db7c                icmp_ntoh
 .text          0x000000008100dbb0      0x688 binaries/ip.o
                0x000000008100dbb0                ip_local
                0x000000008100dbe0                ipcksum
                0x000000008100dc24                ip_ntoh
                0x000000008100dcc8                ip_in
                0x000000008100de04                ip_hton
                0x000000008100dea8                ip_out
                0x000000008100df5c                ip_send
                0x000000008100e08c                ipout
                0x000000008100e19c                ip_enqueue
 .text          0x000000008100e238      0x1c4 binaries/net.o
                0x000000008100e238                net_init
                0x000000008100e330                eth_hton
                0x000000008100e344                eth_ntoh
                0x000000008100e358                netin
 .text          0x000000008100e3fc       0xa4 binaries/netstart.o
                0x000000008100e3fc                netstart
 .text          0x000000008100e4a0      0x9dc binaries/pdump.o
                0x000000008100e4a0                pdump
                0x000000008100ea2c                pdumph
 .text          0x000000008100ee7c      0x580 binaries/tftp.o
                0x000000008100ee7c                tftp_send1
                0x000000008100ef68                tftpget_mb
                0x000000008100f3c8                tftpget
 .text          0x000000008100f3fc      0xa20 binaries/udp.o
                0x000000008100f3fc                udp_init
                0x000000008100f424                udp_in
                0x000000008100f558                udp_register
                0x000000008100f65c                udp_recv
                0x000000008100f7f8                udp_recvaddr
                0x000000008100f9b0                udp_send
                0x000000008100fb58                udp_sendto
                0x000000008100fcc4                udp_release
                0x000000008100fdb4                udp_ntoh
                0x000000008100fde8                udp_hton
 .text          0x000000008100fe1c      0x13c binaries/addargs.o
                0x000000008100fe1c                addargs
 .text          0x000000008100ff58      0x28c binaries/lexan.o
                0x000000008100ff58                lexan
 .text          0x00000000810101e4      0x68c binaries/shell.o
                0x00000000810101e4                shell
 .text          0x0000000081010870       0x64 binaries/xsh_argecho.o
                0x0000000081010870                xsh_argecho
 .text          0x00000000810108d4      0x1c8 binaries/xsh_arp.o
                0x00000000810108d4                xsh_arp
 .text          0x0000000081010a9c      0x234 binaries/xsh_cat.o
                0x0000000081010a9c                xsh_cat
 .text          0x0000000081010cd0       0x5c binaries/xsh_clear.o
                0x0000000081010cd0                xsh_clear
 .text          0x0000000081010d2c      0x29c binaries/xsh_date.o
                0x0000000081010d2c                xsh_date
 .text          0x0000000081010fc8       0x98 binaries/xsh_devdump.o
                0x0000000081010fc8                xsh_devdump
 .text          0x0000000081011060       0x68 binaries/xsh_echo.o
                0x0000000081011060                xsh_echo
 .text          0x00000000810110c8        0x8 binaries/xsh_exit.o
                0x00000000810110c8                xsh_exit
 .text          0x00000000810110d0       0xe8 binaries/xsh_hello.o
                0x00000000810110d0                displayHello
                0x000000008101112c                xsh_hello
 .text          0x00000000810111b8      0x3b8 binaries/xsh_help.o
                0x00000000810111b8                xsh_help
 .text          0x0000000081011570      0x354 binaries/xsh_ipaddr.o
                0x0000000081011570                xsh_ipaddr
 .text          0x00000000810118c4      0x1fc binaries/xsh_kill.o
                0x00000000810118c4                xsh_kill
 .text          0x0000000081011ac0      0x2ac binaries/xsh_led.o
                0x0000000081011ac0                xsh_led
 .text          0x0000000081011d6c      0x434 binaries/xsh_memdump.o
                0x0000000081011e60                xsh_memdump
 .text          0x00000000810121a0      0x20c binaries/xsh_memmgmt.o
                0x00000000810121a0                getFreeBlocks
                0x0000000081012228                xsh_memmgmt
 .text          0x00000000810123ac      0x224 binaries/xsh_memstat.o
                0x00000000810123ac                xsh_memstat
 .text          0x00000000810125d0      0x3b8 binaries/xsh_ping.o
                0x00000000810125d0                xsh_ping
 .text          0x0000000081012988      0x4a0 binaries/xsh_prodcons.o
                0x0000000081012988                isNumeric
                0x00000000810129e4                xsh_prodcons
 .text          0x0000000081012e28      0x220 binaries/xsh_ps.o
                0x0000000081012e28                xsh_ps
 .text          0x0000000081013048       0x94 binaries/xsh_reset.o
                0x0000000081013048                xsh_reset
 .text          0x00000000810130dc      0x1d4 binaries/xsh_sleep.o
                0x00000000810130dc                xsh_sleep
 .text          0x00000000810132b0      0x244 binaries/xsh_udpdump.o
                0x00000000810132b0                xsh_udpdump
 .text          0x00000000810134f4      0x3fc binaries/xsh_udpecho.o
                0x00000000810134f4                xsh_udpecho
 .text          0x00000000810138f0      0x250 binaries/xsh_udpeserver.o
                0x00000000810138f0                xsh_udpeserver
 .text          0x0000000081013b40      0x1b4 binaries/xsh_uptime.o
                0x0000000081013b40                xsh_uptime
 .text          0x0000000081013cf4       0xa4 binaries/consumer.o
                0x0000000081013cf4                consumer
 .text          0x0000000081013d98       0x94 binaries/future_cons.o
                0x0000000081013d98                future_cons
 .text          0x0000000081013e2c       0x38 binaries/future_prod.o
                0x0000000081013e2c                future_prod
 .text          0x0000000081013e64       0x84 binaries/producer.o
                0x0000000081013e64                producer
 .text          0x0000000081013ee8       0x5c binaries/test.o
                0x0000000081013ee8                add
                0x0000000081013f10                test
 .text          0x0000000081013f44       0x2c binaries/ctxsw.o
                0x0000000081013f44                ctxsw
 .text          0x0000000081013f70      0x100 binaries/intr.o
                0x0000000081013f70                disable
                0x0000000081013f7c                restore
                0x0000000081013fa0                enable
                0x0000000081013fa8                pause
                0x0000000081013fa8                halt
                0x0000000081013fb0                irq_except
                0x0000000081013fe0                initevec
                0x0000000081014040                expjmpinstr
 .text          0x0000000081014070      0x114 /usr/lib/gcc/arm-none-eabi/4.9.3/libgcc.a(_udivsi3.o)
                0x0000000081014070                __udivsi3
                0x0000000081014070                __aeabi_uidiv
                0x0000000081014164                __aeabi_uidivmod
 .text          0x0000000081014184      0x148 /usr/lib/gcc/arm-none-eabi/4.9.3/libgcc.a(_divsi3.o)
                0x0000000081014184                __aeabi_idiv
                0x0000000081014184                __divsi3
                0x00000000810142ac                __aeabi_idivmod
 .text          0x00000000810142cc        0x4 /usr/lib/gcc/arm-none-eabi/4.9.3/libgcc.a(_dvmd_tls.o)
                0x00000000810142cc                __aeabi_ldiv0
                0x00000000810142cc                __aeabi_idiv0
 *(.rodata .rodata.*)
 .rodata.str1.4
                0x00000000810142d0       0x78 binaries/ascdate.o
 .rodata.str1.4
                0x0000000081014348       0xcb binaries/conf.o
 *fill*         0x0000000081014413        0x1 
 .rodata.str1.4
                0x0000000081014414       0x34 binaries/future_set.o
 .rodata.str1.4
                0x0000000081014448       0x60 binaries/getutime.o
 .rodata.str1.4
                0x00000000810144a8      0x16c binaries/initialize.o
                                        0x170 (size before relaxing)
 .rodata.str1.4
                0x0000000081014614       0x56 binaries/main.o
 *fill*         0x000000008101466a        0x2 
 .rodata.str1.4
                0x000000008101466c       0x44 binaries/memkill.o
 .rodata.str1.4
                0x00000000810146b0       0x10 binaries/panic.o
 .rodata.str1.4
                0x00000000810146c0       0x1c binaries/ptinit.o
 .rodata.str1.4
                0x00000000810146dc       0x25 binaries/ptsend.o
 *fill*         0x0000000081014701        0x3 
 .rodata.str1.4
                0x0000000081014704       0x27 binaries/xdone.o
 *fill*         0x000000008101472b        0x1 
 .rodata        0x000000008101472c       0x81 binaries/ctype_.o
                0x000000008101472c                _ctype_
 *fill*         0x00000000810147ad        0x3 
 .rodata.str1.4
                0x00000000810147b0       0x2f binaries/doprnt.o
 .rodata.str1.4
                0x0000000000000000       0x2d binaries/fdoprnt.o
 *fill*         0x00000000810147df        0x1 
 .rodata.str1.4
                0x00000000810147e0       0x86 binaries/naminit.o
                                         0x8e (size before relaxing)
 *fill*         0x0000000081014866        0x2 
 .rodata.str1.4
                0x0000000081014868       0xe5 binaries/ethinit.o
 *fill*         0x000000008101494d        0x3 
 .rodata.str1.4
                0x0000000081014950       0x12 binaries/ethread.o
 *fill*         0x0000000081014962        0x2 
 .rodata.str1.4
                0x0000000081014964       0x2c binaries/rdsbufalloc.o
 .rodata.str1.4
                0x0000000081014990       0x76 binaries/rdscomm.o
 *fill*         0x0000000081014a06        0x2 
 .rodata.str1.4
                0x0000000081014a08       0x48 binaries/rdscontrol.o
 .rodata.str1.4
                0x0000000081014a50       0x96 binaries/rdsinit.o
 *fill*         0x0000000081014ae6        0x2 
 .rodata.str1.4
                0x0000000081014ae8       0x22 binaries/rdsopen.o
 *fill*         0x0000000081014b0a        0x2 
 .rodata.str1.4
                0x0000000081014b0c       0x4d binaries/rdsprocess.o
 *fill*         0x0000000081014b59        0x3 
 .rodata.str1.4
                0x0000000081014b5c        0x9 binaries/raminit.o
 *fill*         0x0000000081014b65        0x3 
 .rodata.str1.4
                0x0000000081014b68       0x37 binaries/lfdballoc.o
 *fill*         0x0000000081014b9f        0x1 
 .rodata.str1.4
                0x0000000081014ba0       0x14 binaries/lfiballoc.o
 .rodata.str1.4
                0x0000000081014bb4       0x23 binaries/lflcontrol.o
 *fill*         0x0000000081014bd7        0x1 
 .rodata.str1.4
                0x0000000081014bd8       0xbb binaries/lfsckfmt.o
 *fill*         0x0000000081014c93        0x1 
 .rodata.str1.4
                0x0000000081014c94       0x21 binaries/rflread.o
 .rodata.str1.4
                0x0000000000000000       0x21 binaries/rflwrite.o
 *fill*         0x0000000081014cb5        0x3 
 .rodata.str1.4
                0x0000000081014cb8       0x75 binaries/rfscomm.o
 *fill*         0x0000000081014d2d        0x3 
 .rodata.str1.4
                0x0000000081014d30       0x23 binaries/rfscontrol.o
 *fill*         0x0000000081014d53        0x1 
 .rodata.str1.4
                0x0000000081014d54       0x63 binaries/rfsinit.o
 *fill*         0x0000000081014db7        0x1 
 .rodata.str1.4
                0x0000000081014db8       0x2a binaries/rfsndmsg.o
 .rodata.str1.4
                0x0000000000000000       0x22 binaries/rfsopen.o
 *fill*         0x0000000081014de2        0x2 
 .rodata.str1.4
                0x0000000081014de4       0x3d binaries/arp.o
 *fill*         0x0000000081014e21        0x3 
 .rodata.str1.4
                0x0000000081014e24      0x462 binaries/dhcp.o
                                        0x466 (size before relaxing)
 *fill*         0x0000000081015286        0x2 
 .rodata.str1.4
                0x0000000081015288       0xca binaries/hexdump.o
                                         0xd6 (size before relaxing)
 *fill*         0x0000000081015352        0x2 
 .rodata.str1.4
                0x0000000081015354       0x29 binaries/icmp.o
 *fill*         0x000000008101537d        0x3 
 .rodata.str1.4
                0x0000000081015380       0x6e binaries/ip.o
 *fill*         0x00000000810153ee        0x2 
 .rodata.str1.4
                0x00000000810153f0       0x53 binaries/net.o
 *fill*         0x0000000081015443        0x1 
 .rodata.str1.4
                0x0000000081015444       0x7f binaries/netstart.o
 *fill*         0x00000000810154c3        0x1 
 .rodata.str1.4
                0x00000000810154c4      0x292 binaries/pdump.o
                                        0x296 (size before relaxing)
 *fill*         0x0000000081015756        0x2 
 .rodata.str1.4
                0x0000000081015758      0x178 binaries/tftp.o
                                        0x17c (size before relaxing)
 .rodata        0x00000000810158d0      0x12c binaries/shell.o
                0x00000000810158d0                cmdtab
 .rodata.str1.4
                0x00000000810159fc      0x310 binaries/shell.o
                                        0x318 (size before relaxing)
 .rodata.str1.4
                0x0000000081015d0c       0x29 binaries/xsh_argecho.o
                                         0x2e (size before relaxing)
 *fill*         0x0000000081015d35        0x3 
 .rodata.str1.4
                0x0000000081015d38      0x13e binaries/xsh_arp.o
                                        0x142 (size before relaxing)
 *fill*         0x0000000081015e76        0x2 
 .rodata.str1.4
                0x0000000081015e78       0x81 binaries/xsh_cat.o
                                         0xd1 (size before relaxing)
 *fill*         0x0000000081015ef9        0x3 
 .rodata.str1.4
                0x0000000081015efc       0x15 binaries/xsh_clear.o
 *fill*         0x0000000081015f11        0x3 
 .rodata.str1.4
                0x0000000081015f14      0x1af binaries/xsh_date.o
                                        0x1cb (size before relaxing)
 *fill*         0x00000000810160c3        0x1 
 .rodata.str1.4
                0x00000000810160c4       0x61 binaries/xsh_devdump.o
 *fill*         0x0000000081016125        0x3 
 .rodata.str1.4
                0x0000000081016128        0x8 binaries/xsh_echo.o
                                          0xa (size before relaxing)
 .rodata.str1.4
                0x0000000081016130       0x98 binaries/xsh_hello.o
                                         0xd4 (size before relaxing)
 .rodata.str1.4
                0x00000000810161c8       0xe7 binaries/xsh_help.o
                                        0x17a (size before relaxing)
 *fill*         0x00000000810162af        0x1 
 .rodata.str1.4
                0x00000000810162b0       0xfb binaries/xsh_ipaddr.o
                                        0x1ab (size before relaxing)
 *fill*         0x00000000810163ab        0x1 
 .rodata.str1.4
                0x00000000810163ac       0xc8 binaries/xsh_kill.o
                                        0x136 (size before relaxing)
 .rodata.str1.4
                0x0000000081016474       0xf7 binaries/xsh_led.o
                                        0x16b (size before relaxing)
 *fill*         0x000000008101656b        0x1 
 .rodata.str1.4
                0x000000008101656c      0x1e2 binaries/xsh_memdump.o
                                        0x262 (size before relaxing)
 *fill*         0x000000008101674e        0x2 
 .rodata.str1.4
                0x0000000081016750      0x17d binaries/xsh_memmgmt.o
                                        0x1e5 (size before relaxing)
 *fill*         0x00000000810168cd        0x3 
 .rodata.str1.4
                0x00000000810168d0      0x198 binaries/xsh_memstat.o
                                        0x232 (size before relaxing)
 .rodata.str1.4
                0x0000000081016a68      0x13f binaries/xsh_ping.o
                                        0x1b2 (size before relaxing)
 *fill*         0x0000000081016ba7        0x1 
 .rodata.str1.4
                0x0000000081016ba8      0x1bd binaries/xsh_prodcons.o
                                        0x201 (size before relaxing)
 *fill*         0x0000000081016d65        0x3 
 .rodata        0x0000000081016d68       0x20 binaries/xsh_ps.o
 .rodata.str1.4
                0x0000000081016d88      0x11a binaries/xsh_ps.o
                                        0x1d2 (size before relaxing)
 *fill*         0x0000000081016ea2        0x2 
 .rodata.str1.4
                0x0000000081016ea4       0x21 binaries/xsh_reset.o
                                         0x61 (size before relaxing)
 *fill*         0x0000000081016ec5        0x3 
 .rodata.str1.4
                0x0000000081016ec8       0x5e binaries/xsh_sleep.o
                                         0xf6 (size before relaxing)
 *fill*         0x0000000081016f26        0x2 
 .rodata        0x0000000081016f28        0xc binaries/xsh_udpdump.o
 .rodata.str1.4
                0x0000000081016f34      0x122 binaries/xsh_udpdump.o
                                        0x1de (size before relaxing)
 *fill*         0x0000000081017056        0x2 
 .rodata.str1.4
                0x0000000081017058      0x1ae binaries/xsh_udpecho.o
                                        0x222 (size before relaxing)
 *fill*         0x0000000081017206        0x2 
 .rodata.str1.4
                0x0000000081017208       0x97 binaries/xsh_udpeserver.o
                                        0x13b (size before relaxing)
 *fill*         0x000000008101729f        0x1 
 .rodata.str1.4
                0x00000000810172a0       0x77 binaries/xsh_uptime.o
                                        0x112 (size before relaxing)
 *fill*         0x0000000081017317        0x1 
 .rodata.str1.4
                0x0000000081017318       0x59 binaries/consumer.o
 *fill*         0x0000000081017371        0x3 
 .rodata.str1.4
                0x0000000081017374       0x38 binaries/future_cons.o
 .rodata.str1.4
                0x00000000810173ac       0x2b binaries/producer.o
 *fill*         0x00000000810173d7        0x1 
 .rodata.str1.4
                0x00000000810173d8       0x1c binaries/test.o
                0x00000000810173f4                etext = ABSOLUTE (.)
                0x0000000081018000                . = ALIGN (0x1000)
 *fill*         0x00000000810173f4      0xc0c 

.glue_7         0x0000000081018000        0x0
 .glue_7        0x0000000000000000        0x0 linker stubs

.glue_7t        0x0000000081018000        0x0
 .glue_7t       0x0000000000000000        0x0 linker stubs

.vfp11_veneer   0x0000000081018000        0x0
 .vfp11_veneer  0x0000000000000000        0x0 linker stubs

.v4_bx          0x0000000081018000        0x0
 .v4_bx         0x0000000000000000        0x0 linker stubs

.iplt           0x0000000081018000        0x0
 .iplt          0x0000000000000000        0x0 binaries/start.o

.rel.dyn        0x0000000081018000        0x0
 .rel.iplt      0x0000000000000000        0x0 binaries/start.o

.data           0x0000000081018000     0x1000
                0x0000000081018000                data = ABSOLUTE (.)
 *(.data .data.*)
 .data          0x0000000081018000        0x0 binaries/start.o
 .data          0x0000000081018000       0x88 binaries/ascdate.o
                0x0000000081018000                Date
 .data          0x0000000081018088        0x0 binaries/bufinit.o
 .data          0x0000000081018088        0x0 binaries/chprio.o
 .data          0x0000000081018088        0x4 binaries/clkhandler.o
 .data          0x000000008101808c        0x0 binaries/clkinit.o
 .data          0x000000008101808c        0x0 binaries/close.o
 .data          0x000000008101808c      0x5a0 binaries/conf.o
                0x000000008101808c                devtab
 .data          0x000000008101862c        0x0 binaries/control.o
 .data          0x000000008101862c        0x4 binaries/create.o
 .data          0x0000000081018630       0x3d binaries/evec.o
                0x0000000081018630                expmsg2
                0x0000000081018644                expmsg1
 .data          0x000000008101866d        0x0 binaries/exit.o
 .data          0x000000008101866d        0x0 binaries/f_queue.o
 .data          0x000000008101866d        0x0 binaries/freebuf.o
 .data          0x000000008101866d        0x0 binaries/freemem.o
 .data          0x000000008101866d        0x0 binaries/future_alloc.o
 .data          0x000000008101866d        0x0 binaries/future_free.o
 .data          0x000000008101866d        0x0 binaries/future_get.o
 .data          0x000000008101866d        0x0 binaries/future_set.o
 .data          0x000000008101866d        0x0 binaries/getbuf.o
 .data          0x000000008101866d        0x0 binaries/getc.o
 .data          0x000000008101866d        0x0 binaries/getdev.o
 .data          0x000000008101866d        0x0 binaries/getitem.o
 .data          0x000000008101866d        0x0 binaries/getmem.o
 .data          0x000000008101866d        0x0 binaries/getpid.o
 .data          0x000000008101866d        0x0 binaries/getprio.o
 .data          0x000000008101866d        0x0 binaries/getstk.o
 .data          0x000000008101866d        0x0 binaries/gettime.o
 .data          0x000000008101866d        0x0 binaries/getutime.o
 .data          0x000000008101866d        0x0 binaries/init.o
 .data          0x000000008101866d        0x0 binaries/initialize.o
 .data          0x000000008101866d        0x0 binaries/insert.o
 .data          0x000000008101866d        0x0 binaries/insertd.o
 .data          0x000000008101866d        0x0 binaries/ioerr.o
 .data          0x000000008101866d        0x0 binaries/ionull.o
 .data          0x000000008101866d        0x0 binaries/kill.o
 .data          0x000000008101866d        0x0 binaries/kprintf.o
 *fill*         0x000000008101866d        0x3 
 .data          0x0000000081018670        0x4 binaries/main.o
                0x0000000081018670                gcounter
 .data          0x0000000081018674        0x0 binaries/mark.o
 .data          0x0000000081018674        0x4 binaries/memcreate.o
 .data          0x0000000081018678        0x0 binaries/memgetstk.o
 .data          0x0000000081018678        0x0 binaries/meminit.o
 .data          0x0000000081018678        0x0 binaries/memkill.o
 .data          0x0000000081018678        0x0 binaries/mkbufpool.o
 .data          0x0000000081018678        0x2 binaries/newqueue.o
 .data          0x000000008101867a        0x0 binaries/open.o
 .data          0x000000008101867a        0x0 binaries/panic.o
 .data          0x000000008101867a        0x0 binaries/platinit.o
 .data          0x000000008101867a        0x0 binaries/ptclear.o
 .data          0x000000008101867a        0x0 binaries/ptcount.o
 .data          0x000000008101867a        0x0 binaries/ptcreate.o
 .data          0x000000008101867a        0x0 binaries/ptdelete.o
 .data          0x000000008101867a        0x0 binaries/ptinit.o
 .data          0x000000008101867a        0x0 binaries/ptrecv.o
 .data          0x000000008101867a        0x0 binaries/ptreset.o
 .data          0x000000008101867a        0x0 binaries/ptsend.o
 .data          0x000000008101867a        0x0 binaries/putc.o
 .data          0x000000008101867a        0x0 binaries/queue.o
 .data          0x000000008101867a        0x0 binaries/read.o
 .data          0x000000008101867a        0x0 binaries/ready.o
 .data          0x000000008101867a        0x0 binaries/receive.o
 .data          0x000000008101867a        0x0 binaries/recvclr.o
 .data          0x000000008101867a        0x0 binaries/recvtime.o
 .data          0x000000008101867a        0x0 binaries/resched.o
 .data          0x000000008101867a        0x0 binaries/resume.o
 .data          0x000000008101867a        0x0 binaries/seek.o
 .data          0x000000008101867a        0x0 binaries/semcount.o
 .data          0x000000008101867a        0x0 binaries/semcreate.o
 .data          0x000000008101867a        0x0 binaries/semdelete.o
 .data          0x000000008101867a        0x0 binaries/semreset.o
 .data          0x000000008101867a        0x0 binaries/send.o
 .data          0x000000008101867a        0x0 binaries/signal.o
 .data          0x000000008101867a        0x0 binaries/signaln.o
 .data          0x000000008101867a        0x0 binaries/sleep.o
 .data          0x000000008101867a        0x0 binaries/suspend.o
 .data          0x000000008101867a        0x0 binaries/unsleep.o
 .data          0x000000008101867a        0x0 binaries/userret.o
 .data          0x000000008101867a        0x0 binaries/wait.o
 .data          0x000000008101867a        0x0 binaries/wakeup.o
 .data          0x000000008101867a        0x0 binaries/write.o
 .data          0x000000008101867a        0x0 binaries/xdone.o
 .data          0x000000008101867a        0x0 binaries/yield.o
 .data          0x000000008101867a        0x0 binaries/abs.o
 .data          0x000000008101867a        0x0 binaries/atoi.o
 .data          0x000000008101867a        0x0 binaries/atol.o
 .data          0x000000008101867a        0x0 binaries/bzero.o
 .data          0x000000008101867a        0x0 binaries/ctype_.o
 .data          0x000000008101867a        0x0 binaries/doprnt.o
 *fill*         0x000000008101867a        0x2 
 .data          0x000000008101867c       0x80 binaries/doscan.o
                0x000000008101867c                _sctab
 .data          0x00000000810186fc        0x0 binaries/fdoprnt.o
 .data          0x00000000810186fc        0x0 binaries/fgetc.o
 .data          0x00000000810186fc        0x0 binaries/fgets.o
 .data          0x00000000810186fc        0x0 binaries/fprintf.o
 .data          0x00000000810186fc        0x0 binaries/fputc.o
 .data          0x00000000810186fc        0x0 binaries/fputs.o
 .data          0x00000000810186fc        0x0 binaries/fscanf.o
 .data          0x00000000810186fc        0x0 binaries/getchar.o
 .data          0x00000000810186fc        0x0 binaries/labs.o
 .data          0x00000000810186fc        0x0 binaries/memchr.o
 .data          0x00000000810186fc        0x0 binaries/memcmp.o
 .data          0x00000000810186fc        0x0 binaries/memcpy.o
 .data          0x00000000810186fc        0x0 binaries/memset.o
 .data          0x00000000810186fc        0x0 binaries/printf.o
 .data          0x00000000810186fc        0x0 binaries/putchar.o
 .data          0x00000000810186fc        0x0 binaries/qsort.o
 .data          0x00000000810186fc        0x4 binaries/rand.o
 .data          0x0000000081018700        0x0 binaries/sprintf.o
 .data          0x0000000081018700        0x0 binaries/sscanf.o
 .data          0x0000000081018700        0x0 binaries/strchr.o
 .data          0x0000000081018700        0x0 binaries/strcmp.o
 .data          0x0000000081018700        0x0 binaries/strcpy.o
 .data          0x0000000081018700        0x0 binaries/strlen.o
 .data          0x0000000081018700        0x0 binaries/strncat.o
 .data          0x0000000081018700        0x0 binaries/strncmp.o
 .data          0x0000000081018700        0x0 binaries/strncpy.o
 .data          0x0000000081018700        0x0 binaries/strnlen.o
 .data          0x0000000081018700        0x0 binaries/strrchr.o
 .data          0x0000000081018700        0x0 binaries/strstr.o
 .data          0x0000000081018700        0x0 binaries/ttycontrol.o
 .data          0x0000000081018700        0x0 binaries/ttygetc.o
 .data          0x0000000081018700        0x0 binaries/ttyhandle_in.o
 .data          0x0000000081018700        0x0 binaries/ttyhandle_out.o
 .data          0x0000000081018700        0x0 binaries/ttyhandler.o
 .data          0x0000000081018700        0x0 binaries/ttyinit.o
 .data          0x0000000081018700        0x0 binaries/ttykickout.o
 .data          0x0000000081018700        0x0 binaries/ttyputc.o
 .data          0x0000000081018700        0x0 binaries/ttyread.o
 .data          0x0000000081018700        0x0 binaries/ttywrite.o
 .data          0x0000000081018700        0x0 binaries/mount.o
 .data          0x0000000081018700        0x0 binaries/naminit.o
 .data          0x0000000081018700        0x0 binaries/nammap.o
 .data          0x0000000081018700        0x0 binaries/namopen.o
 .data          0x0000000081018700        0x0 binaries/colon2mac.o
 .data          0x0000000081018700        0x0 binaries/ethcontrol.o
 .data          0x0000000081018700        0x0 binaries/ethhandler.o
 .data          0x0000000081018700        0x0 binaries/ethinit.o
 .data          0x0000000081018700        0x0 binaries/ethread.o
 .data          0x0000000081018700        0x0 binaries/ethwrite.o
 .data          0x0000000081018700        0x0 binaries/rdsbufalloc.o
 .data          0x0000000081018700        0x0 binaries/rdsclose.o
 .data          0x0000000081018700        0x0 binaries/rdscomm.o
 .data          0x0000000081018700        0x0 binaries/rdscontrol.o
 .data          0x0000000081018700        0x0 binaries/rdsinit.o
 .data          0x0000000081018700        0x0 binaries/rdsopen.o
 .data          0x0000000081018700        0x0 binaries/rdsprocess.o
 .data          0x0000000081018700        0x0 binaries/rdsread.o
 .data          0x0000000081018700        0x0 binaries/rdswrite.o
 .data          0x0000000081018700        0x0 binaries/ramclose.o
 .data          0x0000000081018700        0x0 binaries/raminit.o
 .data          0x0000000081018700        0x0 binaries/ramopen.o
 .data          0x0000000081018700        0x0 binaries/ramread.o
 .data          0x0000000081018700        0x0 binaries/ramwrite.o
 .data          0x0000000081018700        0x0 binaries/lfdballoc.o
 .data          0x0000000081018700        0x0 binaries/lfdbfree.o
 .data          0x0000000081018700        0x0 binaries/lfflush.o
 .data          0x0000000081018700        0x0 binaries/lfgetmode.o
 .data          0x0000000081018700        0x0 binaries/lfiballoc.o
 .data          0x0000000081018700        0x0 binaries/lfibclear.o
 .data          0x0000000081018700        0x0 binaries/lfibget.o
 .data          0x0000000081018700        0x0 binaries/lfibput.o
 .data          0x0000000081018700        0x0 binaries/lflclose.o
 .data          0x0000000081018700        0x0 binaries/lflcontrol.o
 .data          0x0000000081018700        0x0 binaries/lflgetc.o
 .data          0x0000000081018700        0x0 binaries/lflinit.o
 .data          0x0000000081018700        0x0 binaries/lflputc.o
 .data          0x0000000081018700        0x0 binaries/lflread.o
 .data          0x0000000081018700        0x0 binaries/lflseek.o
 .data          0x0000000081018700        0x0 binaries/lflwrite.o
 .data          0x0000000081018700        0x0 binaries/lfsckfmt.o
 .data          0x0000000081018700        0x0 binaries/lfscreate.o
 .data          0x0000000081018700        0x0 binaries/lfsetup.o
 .data          0x0000000081018700        0x0 binaries/lfsinit.o
 .data          0x0000000081018700        0x0 binaries/lfsopen.o
 .data          0x0000000081018700        0x0 binaries/lftruncate.o
 .data          0x0000000081018700        0x0 binaries/rflclose.o
 .data          0x0000000081018700        0x0 binaries/rflgetc.o
 .data          0x0000000081018700        0x0 binaries/rflinit.o
 .data          0x0000000081018700        0x0 binaries/rflputc.o
 .data          0x0000000081018700        0x0 binaries/rflread.o
 .data          0x0000000081018700        0x0 binaries/rflseek.o
 .data          0x0000000081018700        0x0 binaries/rflwrite.o
 .data          0x0000000081018700        0x0 binaries/rfscomm.o
 .data          0x0000000081018700        0x0 binaries/rfscontrol.o
 .data          0x0000000081018700        0x0 binaries/rfsgetmode.o
 .data          0x0000000081018700        0x0 binaries/rfsinit.o
 .data          0x0000000081018700        0x0 binaries/rfsndmsg.o
 .data          0x0000000081018700        0x0 binaries/rfsopen.o
 .data          0x0000000081018700        0x0 binaries/arp.o
 .data          0x0000000081018700        0x0 binaries/dhcp.o
 .data          0x0000000081018700        0x0 binaries/dns.o
 .data          0x0000000081018700        0x0 binaries/dot2ip.o
 .data          0x0000000081018700        0x0 binaries/hexdump.o
 .data          0x0000000081018700        0x4 binaries/icmp.o
 .data          0x0000000081018704        0x0 binaries/ip.o
 .data          0x0000000081018704        0x0 binaries/net.o
 .data          0x0000000081018704        0x0 binaries/netstart.o
 .data          0x0000000081018704        0x0 binaries/pdump.o
 .data          0x0000000081018704        0x0 binaries/tftp.o
 .data          0x0000000081018704        0x4 binaries/udp.o
 .data          0x0000000081018708        0x0 binaries/addargs.o
 .data          0x0000000081018708        0x0 binaries/lexan.o
 .data          0x0000000081018708        0x4 binaries/shell.o
                0x0000000081018708                ncmd
 .data          0x000000008101870c        0x0 binaries/xsh_argecho.o
 .data          0x000000008101870c        0x0 binaries/xsh_arp.o
 .data          0x000000008101870c        0x0 binaries/xsh_cat.o
 .data          0x000000008101870c        0x0 binaries/xsh_clear.o
 .data          0x000000008101870c        0x0 binaries/xsh_date.o
 .data          0x000000008101870c        0x0 binaries/xsh_devdump.o
 .data          0x000000008101870c        0x0 binaries/xsh_echo.o
 .data          0x000000008101870c        0x0 binaries/xsh_exit.o
 .data          0x000000008101870c        0x0 binaries/xsh_hello.o
 .data          0x000000008101870c        0x0 binaries/xsh_help.o
 .data          0x000000008101870c        0x0 binaries/xsh_ipaddr.o
 .data          0x000000008101870c        0x0 binaries/xsh_kill.o
 .data          0x000000008101870c        0x0 binaries/xsh_led.o
 .data          0x000000008101870c        0x0 binaries/xsh_memdump.o
 .data          0x000000008101870c        0x0 binaries/xsh_memmgmt.o
 .data          0x000000008101870c        0x0 binaries/xsh_memstat.o
 .data          0x000000008101870c        0x0 binaries/xsh_ping.o
 .data          0x000000008101870c        0x0 binaries/xsh_prodcons.o
 .data          0x000000008101870c        0x0 binaries/xsh_ps.o
 .data          0x000000008101870c        0x0 binaries/xsh_reset.o
 .data          0x000000008101870c        0x0 binaries/xsh_sleep.o
 .data          0x000000008101870c        0x0 binaries/xsh_udpdump.o
 .data          0x000000008101870c        0x0 binaries/xsh_udpecho.o
 .data          0x000000008101870c        0x0 binaries/xsh_udpeserver.o
 .data          0x000000008101870c        0x0 binaries/xsh_uptime.o
 .data          0x000000008101870c        0x0 binaries/consumer.o
 .data          0x000000008101870c        0x0 binaries/future_cons.o
 .data          0x000000008101870c        0x0 binaries/future_prod.o
 .data          0x000000008101870c        0x0 binaries/producer.o
 .data          0x000000008101870c        0x0 binaries/test.o
 .data          0x000000008101870c        0x0 binaries/ctxsw.o
 .data          0x000000008101870c        0x0 binaries/intr.o
 .data          0x000000008101870c        0x0 /usr/lib/gcc/arm-none-eabi/4.9.3/libgcc.a(_udivsi3.o)
 .data          0x000000008101870c        0x0 /usr/lib/gcc/arm-none-eabi/4.9.3/libgcc.a(_divsi3.o)
 .data          0x000000008101870c        0x0 /usr/lib/gcc/arm-none-eabi/4.9.3/libgcc.a(_dvmd_tls.o)
                0x000000008101870c                edata = ABSOLUTE (.)
                0x0000000081019000                . = ALIGN (0x1000)
 *fill*         0x000000008101870c      0x8f4 

.igot.plt       0x0000000081019000        0x0
 .igot.plt      0x0000000000000000        0x0 binaries/start.o

.bss            0x0000000081019000    0x20000
                0x0000000081019000                bss = ABSOLUTE (.)
 *(.bss .bss.*)
 .bss           0x0000000081019000        0x0 binaries/start.o
 .bss           0x0000000081019000        0x0 binaries/ascdate.o
 .bss           0x0000000081019000        0x0 binaries/bufinit.o
 .bss           0x0000000081019000        0x0 binaries/chprio.o
 .bss           0x0000000081019000        0x0 binaries/clkhandler.o
 .bss           0x0000000081019000        0x4 binaries/clkinit.o
                0x0000000081019000                ctr1000
 .bss           0x0000000081019004        0x0 binaries/close.o
 .bss           0x0000000081019004        0x0 binaries/conf.o
 .bss           0x0000000081019004        0x0 binaries/control.o
 .bss           0x0000000081019004        0x0 binaries/create.o
 .bss           0x0000000081019004        0x0 binaries/evec.o
 .bss           0x0000000081019004        0x0 binaries/exit.o
 .bss           0x0000000081019004        0x0 binaries/f_queue.o
 .bss           0x0000000081019004        0x0 binaries/freebuf.o
 .bss           0x0000000081019004        0x0 binaries/freemem.o
 .bss           0x0000000081019004        0x0 binaries/future_alloc.o
 .bss           0x0000000081019004        0x0 binaries/future_free.o
 .bss           0x0000000081019004        0x0 binaries/future_get.o
 .bss           0x0000000081019004        0x0 binaries/future_set.o
 .bss           0x0000000081019004        0x0 binaries/getbuf.o
 .bss           0x0000000081019004        0x0 binaries/getc.o
 .bss           0x0000000081019004        0x0 binaries/getdev.o
 .bss           0x0000000081019004        0x0 binaries/getitem.o
 .bss           0x0000000081019004        0x0 binaries/getmem.o
 .bss           0x0000000081019004        0x0 binaries/getpid.o
 .bss           0x0000000081019004        0x0 binaries/getprio.o
 .bss           0x0000000081019004        0x0 binaries/getstk.o
 .bss           0x0000000081019004        0x0 binaries/gettime.o
 .bss           0x0000000081019004        0x0 binaries/getutime.o
 .bss           0x0000000081019004        0x0 binaries/init.o
 .bss           0x0000000081019004        0x0 binaries/initialize.o
 .bss           0x0000000081019004        0x0 binaries/insert.o
 .bss           0x0000000081019004        0x0 binaries/insertd.o
 .bss           0x0000000081019004        0x0 binaries/ioerr.o
 .bss           0x0000000081019004        0x0 binaries/ionull.o
 .bss           0x0000000081019004        0x0 binaries/kill.o
 .bss           0x0000000081019004        0x0 binaries/kprintf.o
 .bss           0x0000000081019004        0x0 binaries/main.o
 .bss           0x0000000081019004        0x0 binaries/mark.o
 .bss           0x0000000081019004        0x0 binaries/memcreate.o
 .bss           0x0000000081019004        0x0 binaries/memgetstk.o
 .bss           0x0000000081019004        0x0 binaries/meminit.o
 .bss           0x0000000081019004        0x0 binaries/memkill.o
 .bss           0x0000000081019004        0x0 binaries/mkbufpool.o
 .bss           0x0000000081019004        0x0 binaries/newqueue.o
 .bss           0x0000000081019004        0x0 binaries/open.o
 .bss           0x0000000081019004        0x0 binaries/panic.o
 .bss           0x0000000081019004        0x0 binaries/platinit.o
 .bss           0x0000000081019004        0x0 binaries/ptclear.o
 .bss           0x0000000081019004        0x0 binaries/ptcount.o
 .bss           0x0000000081019004        0x0 binaries/ptcreate.o
 .bss           0x0000000081019004        0x0 binaries/ptdelete.o
 .bss           0x0000000081019004        0x0 binaries/ptinit.o
 .bss           0x0000000081019004        0x0 binaries/ptrecv.o
 .bss           0x0000000081019004        0x0 binaries/ptreset.o
 .bss           0x0000000081019004        0x0 binaries/ptsend.o
 .bss           0x0000000081019004        0x0 binaries/putc.o
 .bss           0x0000000081019004        0x0 binaries/queue.o
 .bss           0x0000000081019004        0x0 binaries/read.o
 .bss           0x0000000081019004        0x0 binaries/ready.o
 .bss           0x0000000081019004        0x0 binaries/receive.o
 .bss           0x0000000081019004        0x0 binaries/recvclr.o
 .bss           0x0000000081019004        0x0 binaries/recvtime.o
 .bss           0x0000000081019004        0x0 binaries/resched.o
 .bss           0x0000000081019004        0x0 binaries/resume.o
 .bss           0x0000000081019004        0x0 binaries/seek.o
 .bss           0x0000000081019004        0x0 binaries/semcount.o
 .bss           0x0000000081019004        0x4 binaries/semcreate.o
 .bss           0x0000000081019008        0x0 binaries/semdelete.o
 .bss           0x0000000081019008        0x0 binaries/semreset.o
 .bss           0x0000000081019008        0x0 binaries/send.o
 .bss           0x0000000081019008        0x0 binaries/signal.o
 .bss           0x0000000081019008        0x0 binaries/signaln.o
 .bss           0x0000000081019008        0x0 binaries/sleep.o
 .bss           0x0000000081019008        0x0 binaries/suspend.o
 .bss           0x0000000081019008        0x0 binaries/unsleep.o
 .bss           0x0000000081019008        0x0 binaries/userret.o
 .bss           0x0000000081019008        0x0 binaries/wait.o
 .bss           0x0000000081019008        0x0 binaries/wakeup.o
 .bss           0x0000000081019008        0x0 binaries/write.o
 .bss           0x0000000081019008        0x0 binaries/xdone.o
 .bss           0x0000000081019008        0x0 binaries/yield.o
 .bss           0x0000000081019008        0x0 binaries/abs.o
 .bss           0x0000000081019008        0x0 binaries/atoi.o
 .bss           0x0000000081019008        0x0 binaries/atol.o
 .bss           0x0000000081019008        0x0 binaries/bzero.o
 .bss           0x0000000081019008        0x0 binaries/ctype_.o
 .bss           0x0000000081019008        0x0 binaries/doprnt.o
 .bss           0x0000000081019008        0x0 binaries/doscan.o
 .bss           0x0000000081019008        0x0 binaries/fdoprnt.o
 .bss           0x0000000081019008        0x0 binaries/fgetc.o
 .bss           0x0000000081019008        0x0 binaries/fgets.o
 .bss           0x0000000081019008        0x0 binaries/fprintf.o
 .bss           0x0000000081019008        0x0 binaries/fputc.o
 .bss           0x0000000081019008        0x0 binaries/fputs.o
 .bss           0x0000000081019008        0x0 binaries/fscanf.o
 .bss           0x0000000081019008        0x0 binaries/getchar.o
 .bss           0x0000000081019008        0x0 binaries/labs.o
 .bss           0x0000000081019008        0x0 binaries/memchr.o
 .bss           0x0000000081019008        0x0 binaries/memcmp.o
 .bss           0x0000000081019008        0x0 binaries/memcpy.o
 .bss           0x0000000081019008        0x0 binaries/memset.o
 .bss           0x0000000081019008        0x0 binaries/printf.o
 .bss           0x0000000081019008        0x0 binaries/putchar.o
 .bss           0x0000000081019008        0x8 binaries/qsort.o
 .bss           0x0000000081019010        0x0 binaries/rand.o
 .bss           0x0000000081019010        0x0 binaries/sprintf.o
 .bss           0x0000000081019010        0x0 binaries/sscanf.o
 .bss           0x0000000081019010        0x0 binaries/strchr.o
 .bss           0x0000000081019010        0x0 binaries/strcmp.o
 .bss           0x0000000081019010        0x0 binaries/strcpy.o
 .bss           0x0000000081019010        0x0 binaries/strlen.o
 .bss           0x0000000081019010        0x0 binaries/strncat.o
 .bss           0x0000000081019010        0x0 binaries/strncmp.o
 .bss           0x0000000081019010        0x0 binaries/strncpy.o
 .bss           0x0000000081019010        0x0 binaries/strnlen.o
 .bss           0x0000000081019010        0x0 binaries/strrchr.o
 .bss           0x0000000081019010        0x0 binaries/strstr.o
 .bss           0x0000000081019010        0x0 binaries/ttycontrol.o
 .bss           0x0000000081019010        0x0 binaries/ttygetc.o
 .bss           0x0000000081019010        0x0 binaries/ttyhandle_in.o
 .bss           0x0000000081019010        0x0 binaries/ttyhandle_out.o
 .bss           0x0000000081019010        0x0 binaries/ttyhandler.o
 .bss           0x0000000081019010        0x0 binaries/ttyinit.o
 .bss           0x0000000081019010        0x0 binaries/ttykickout.o
 .bss           0x0000000081019010        0x0 binaries/ttyputc.o
 .bss           0x0000000081019010        0x0 binaries/ttyread.o
 .bss           0x0000000081019010        0x0 binaries/ttywrite.o
 .bss           0x0000000081019010        0x0 binaries/mount.o
 .bss           0x0000000081019010        0x0 binaries/naminit.o
 .bss           0x0000000081019010        0x0 binaries/nammap.o
 .bss           0x0000000081019010        0x0 binaries/namopen.o
 .bss           0x0000000081019010        0x0 binaries/colon2mac.o
 .bss           0x0000000081019010        0x0 binaries/ethcontrol.o
 .bss           0x0000000081019010        0x0 binaries/ethhandler.o
 .bss           0x0000000081019010        0x0 binaries/ethinit.o
 .bss           0x0000000081019010        0x0 binaries/ethread.o
 .bss           0x0000000081019010        0x0 binaries/ethwrite.o
 .bss           0x0000000081019010        0x0 binaries/rdsbufalloc.o
 .bss           0x0000000081019010        0x0 binaries/rdsclose.o
 .bss           0x0000000081019010        0x0 binaries/rdscomm.o
 .bss           0x0000000081019010        0x0 binaries/rdscontrol.o
 .bss           0x0000000081019010        0x0 binaries/rdsinit.o
 .bss           0x0000000081019010        0x0 binaries/rdsopen.o
 .bss           0x0000000081019010        0x0 binaries/rdsprocess.o
 .bss           0x0000000081019010        0x0 binaries/rdsread.o
 .bss           0x0000000081019010        0x0 binaries/rdswrite.o
 .bss           0x0000000081019010        0x0 binaries/ramclose.o
 .bss           0x0000000081019010        0x0 binaries/raminit.o
 .bss           0x0000000081019010        0x0 binaries/ramopen.o
 .bss           0x0000000081019010        0x0 binaries/ramread.o
 .bss           0x0000000081019010        0x0 binaries/ramwrite.o
 .bss           0x0000000081019010        0x0 binaries/lfdballoc.o
 .bss           0x0000000081019010        0x0 binaries/lfdbfree.o
 .bss           0x0000000081019010        0x0 binaries/lfflush.o
 .bss           0x0000000081019010        0x0 binaries/lfgetmode.o
 .bss           0x0000000081019010        0x0 binaries/lfiballoc.o
 .bss           0x0000000081019010        0x0 binaries/lfibclear.o
 .bss           0x0000000081019010        0x0 binaries/lfibget.o
 .bss           0x0000000081019010        0x0 binaries/lfibput.o
 .bss           0x0000000081019010        0x0 binaries/lflclose.o
 .bss           0x0000000081019010        0x0 binaries/lflcontrol.o
 .bss           0x0000000081019010        0x0 binaries/lflgetc.o
 .bss           0x0000000081019010        0x0 binaries/lflinit.o
 .bss           0x0000000081019010        0x0 binaries/lflputc.o
 .bss           0x0000000081019010        0x0 binaries/lflread.o
 .bss           0x0000000081019010        0x0 binaries/lflseek.o
 .bss           0x0000000081019010        0x0 binaries/lflwrite.o
 .bss           0x0000000081019010        0x0 binaries/lfsckfmt.o
 .bss           0x0000000081019010        0x0 binaries/lfscreate.o
 .bss           0x0000000081019010        0x0 binaries/lfsetup.o
 .bss           0x0000000081019010        0x0 binaries/lfsinit.o
 .bss           0x0000000081019010        0x0 binaries/lfsopen.o
 .bss           0x0000000081019010        0x0 binaries/lftruncate.o
 .bss           0x0000000081019010        0x0 binaries/rflclose.o
 .bss           0x0000000081019010        0x0 binaries/rflgetc.o
 .bss           0x0000000081019010        0x0 binaries/rflinit.o
 .bss           0x0000000081019010        0x0 binaries/rflputc.o
 .bss           0x0000000081019010        0x0 binaries/rflread.o
 .bss           0x0000000081019010        0x0 binaries/rflseek.o
 .bss           0x0000000081019010        0x0 binaries/rflwrite.o
 .bss           0x0000000081019010        0x0 binaries/rfscomm.o
 .bss           0x0000000081019010        0x0 binaries/rfscontrol.o
 .bss           0x0000000081019010        0x0 binaries/rfsgetmode.o
 .bss           0x0000000081019010        0x0 binaries/rfsinit.o
 .bss           0x0000000081019010        0x0 binaries/rfsndmsg.o
 .bss           0x0000000081019010        0x0 binaries/rfsopen.o
 .bss           0x0000000081019010        0x0 binaries/arp.o
 .bss           0x0000000081019010        0x0 binaries/dhcp.o
 .bss           0x0000000081019010        0x0 binaries/dns.o
 .bss           0x0000000081019010        0x0 binaries/dot2ip.o
 .bss           0x0000000081019010        0x0 binaries/hexdump.o
 .bss           0x0000000081019010        0x0 binaries/icmp.o
 .bss           0x0000000081019010        0x0 binaries/ip.o
 .bss           0x0000000081019010        0x0 binaries/net.o
 .bss           0x0000000081019010        0x0 binaries/netstart.o
 .bss           0x0000000081019010        0x0 binaries/pdump.o
 .bss           0x0000000081019010        0x0 binaries/tftp.o
 .bss           0x0000000081019010        0x0 binaries/udp.o
 .bss           0x0000000081019010        0x0 binaries/addargs.o
 .bss           0x0000000081019010        0x0 binaries/lexan.o
 .bss           0x0000000081019010        0x0 binaries/shell.o
 .bss           0x0000000081019010        0x0 binaries/xsh_argecho.o
 .bss           0x0000000081019010        0x0 binaries/xsh_arp.o
 .bss           0x0000000081019010        0x0 binaries/xsh_cat.o
 .bss           0x0000000081019010        0x0 binaries/xsh_clear.o
 .bss           0x0000000081019010        0x0 binaries/xsh_date.o
 .bss           0x0000000081019010        0x0 binaries/xsh_devdump.o
 .bss           0x0000000081019010        0x0 binaries/xsh_echo.o
[...]
 .ARM.attributes
                0x00000000000025d3       0x35 binaries/rfsgetmode.o
 .ARM.attributes
                0x0000000000002608       0x35 binaries/rfsinit.o
 .ARM.attributes
                0x000000000000263d       0x35 binaries/rfsndmsg.o
 .ARM.attributes
                0x0000000000002672       0x35 binaries/rfsopen.o
 .ARM.attributes
                0x00000000000026a7       0x35 binaries/arp.o
 .ARM.attributes
                0x00000000000026dc       0x35 binaries/dhcp.o
 .ARM.attributes
                0x0000000000002711       0x35 binaries/dns.o
 .ARM.attributes
                0x0000000000002746       0x35 binaries/dot2ip.o
 .ARM.attributes
                0x000000000000277b       0x35 binaries/hexdump.o
 .ARM.attributes
                0x00000000000027b0       0x35 binaries/icmp.o
 .ARM.attributes
                0x00000000000027e5       0x35 binaries/ip.o
 .ARM.attributes
                0x000000000000281a       0x35 binaries/net.o
 .ARM.attributes
                0x000000000000284f       0x35 binaries/netstart.o
 .ARM.attributes
                0x0000000000002884       0x35 binaries/pdump.o
 .ARM.attributes
                0x00000000000028b9       0x35 binaries/tftp.o
 .ARM.attributes
                0x00000000000028ee       0x35 binaries/udp.o
 .ARM.attributes
                0x0000000000002923       0x35 binaries/addargs.o
 .ARM.attributes
                0x0000000000002958       0x35 binaries/lexan.o
 .ARM.attributes
                0x000000000000298d       0x35 binaries/shell.o
 .ARM.attributes
                0x00000000000029c2       0x35 binaries/xsh_argecho.o
 .ARM.attributes
                0x00000000000029f7       0x35 binaries/xsh_arp.o
 .ARM.attributes
                0x0000000000002a2c       0x35 binaries/xsh_cat.o
 .ARM.attributes
                0x0000000000002a61       0x35 binaries/xsh_clear.o
 .ARM.attributes
                0x0000000000002a96       0x35 binaries/xsh_date.o
 .ARM.attributes
                0x0000000000002acb       0x35 binaries/xsh_devdump.o
 .ARM.attributes
                0x0000000000002b00       0x35 binaries/xsh_echo.o
 .ARM.attributes
                0x0000000000002b35       0x35 binaries/xsh_exit.o
 .ARM.attributes
                0x0000000000002b6a       0x35 binaries/xsh_hello.o
 .ARM.attributes
                0x0000000000002b9f       0x35 binaries/xsh_help.o
 .ARM.attributes
                0x0000000000002bd4       0x35 binaries/xsh_ipaddr.o
 .ARM.attributes
                0x0000000000002c09       0x35 binaries/xsh_kill.o
 .ARM.attributes
                0x0000000000002c3e       0x35 binaries/xsh_led.o
 .ARM.attributes
                0x0000000000002c73       0x35 binaries/xsh_memdump.o
 .ARM.attributes
                0x0000000000002ca8       0x35 binaries/xsh_memmgmt.o
 .ARM.attributes
                0x0000000000002cdd       0x35 binaries/xsh_memstat.o
 .ARM.attributes
                0x0000000000002d12       0x35 binaries/xsh_ping.o
 .ARM.attributes
                0x0000000000002d47       0x35 binaries/xsh_prodcons.o
 .ARM.attributes
                0x0000000000002d7c       0x35 binaries/xsh_ps.o
 .ARM.attributes
                0x0000000000002db1       0x35 binaries/xsh_reset.o
 .ARM.attributes
                0x0000000000002de6       0x35 binaries/xsh_sleep.o
 .ARM.attributes
                0x0000000000002e1b       0x35 binaries/xsh_udpdump.o
 .ARM.attributes
                0x0000000000002e50       0x35 binaries/xsh_udpecho.o
 .ARM.attributes
                0x0000000000002e85       0x35 binaries/xsh_udpeserver.o
 .ARM.attributes
                0x0000000000002eba       0x35 binaries/xsh_uptime.o
 .ARM.attributes
                0x0000000000002eef       0x35 binaries/consumer.o
 .ARM.attributes
                0x0000000000002f24       0x35 binaries/future_cons.o
 .ARM.attributes
                0x0000000000002f59       0x35 binaries/future_prod.o
 .ARM.attributes
                0x0000000000002f8e       0x35 binaries/producer.o
 .ARM.attributes
                0x0000000000002fc3       0x35 binaries/test.o
 .ARM.attributes
                0x0000000000002ff8       0x25 binaries/ctxsw.o
 .ARM.attributes
                0x000000000000301d       0x25 binaries/intr.o
 .ARM.attributes
                0x0000000000003042       0x18 /usr/lib/gcc/arm-none-eabi/4.9.3/libgcc.a(_udivsi3.o)
 .ARM.attributes
                0x000000000000305a       0x18 /usr/lib/gcc/arm-none-eabi/4.9.3/libgcc.a(_divsi3.o)
 .ARM.attributes
                0x0000000000003072       0x18 /usr/lib/gcc/arm-none-eabi/4.9.3/libgcc.a(_dvmd_tls.o)

.comment        0x0000000000000000       0x70
 .comment       0x0000000000000000       0x70 binaries/ascdate.o
                                         0x71 (size before relaxing)
 .comment       0x0000000000000000       0x71 binaries/bufinit.o
 .comment       0x0000000000000000       0x71 binaries/chprio.o
 .comment       0x0000000000000000       0x71 binaries/clkhandler.o
 .comment       0x0000000000000000       0x71 binaries/clkinit.o
 .comment       0x0000000000000000       0x71 binaries/close.o
 .comment       0x0000000000000000       0x71 binaries/conf.o
 .comment       0x0000000000000000       0x71 binaries/control.o
 .comment       0x0000000000000000       0x71 binaries/create.o
 .comment       0x0000000000000000       0x71 binaries/evec.o
 .comment       0x0000000000000000       0x71 binaries/exit.o
 .comment       0x0000000000000000       0x71 binaries/f_queue.o
 .comment       0x0000000000000000       0x71 binaries/freebuf.o
 .comment       0x0000000000000000       0x71 binaries/freemem.o
 .comment       0x0000000000000000       0x71 binaries/future_alloc.o
 .comment       0x0000000000000000       0x71 binaries/future_free.o
 .comment       0x0000000000000000       0x71 binaries/future_get.o
 .comment       0x0000000000000000       0x71 binaries/future_set.o
 .comment       0x0000000000000000       0x71 binaries/getbuf.o
 .comment       0x0000000000000000       0x71 binaries/getc.o
 .comment       0x0000000000000000       0x71 binaries/getdev.o
 .comment       0x0000000000000000       0x71 binaries/getitem.o
 .comment       0x0000000000000000       0x71 binaries/getmem.o
 .comment       0x0000000000000000       0x71 binaries/getpid.o
 .comment       0x0000000000000000       0x71 binaries/getprio.o
 .comment       0x0000000000000000       0x71 binaries/getstk.o
 .comment       0x0000000000000000       0x71 binaries/gettime.o
 .comment       0x0000000000000000       0x71 binaries/getutime.o
 .comment       0x0000000000000000       0x71 binaries/init.o
 .comment       0x0000000000000000       0x71 binaries/initialize.o
 .comment       0x0000000000000000       0x71 binaries/insert.o
 .comment       0x0000000000000000       0x71 binaries/insertd.o
 .comment       0x0000000000000000       0x71 binaries/ioerr.o
 .comment       0x0000000000000000       0x71 binaries/ionull.o
 .comment       0x0000000000000000       0x71 binaries/kill.o
 .comment       0x0000000000000000       0x71 binaries/kprintf.o
 .comment       0x0000000000000000       0x71 binaries/main.o
 .comment       0x0000000000000000       0x71 binaries/mark.o
 .comment       0x0000000000000000       0x71 binaries/memcreate.o
 .comment       0x0000000000000000       0x71 binaries/memgetstk.o
 .comment       0x0000000000000000       0x71 binaries/meminit.o
 .comment       0x0000000000000000       0x71 binaries/memkill.o
 .comment       0x0000000000000000       0x71 binaries/mkbufpool.o
 .comment       0x0000000000000000       0x71 binaries/newqueue.o
 .comment       0x0000000000000000       0x71 binaries/open.o
 .comment       0x0000000000000000       0x71 binaries/panic.o
 .comment       0x0000000000000000       0x71 binaries/platinit.o
 .comment       0x0000000000000000       0x71 binaries/ptclear.o
 .comment       0x0000000000000000       0x71 binaries/ptcount.o
 .comment       0x0000000000000000       0x71 binaries/ptcreate.o
 .comment       0x0000000000000000       0x71 binaries/ptdelete.o
 .comment       0x0000000000000000       0x71 binaries/ptinit.o
 .comment       0x0000000000000000       0x71 binaries/ptrecv.o
 .comment       0x0000000000000000       0x71 binaries/ptreset.o
 .comment       0x0000000000000000       0x71 binaries/ptsend.o
 .comment       0x0000000000000000       0x71 binaries/putc.o
 .comment       0x0000000000000000       0x71 binaries/queue.o
 .comment       0x0000000000000000       0x71 binaries/read.o
 .comment       0x0000000000000000       0x71 binaries/ready.o
 .comment       0x0000000000000000       0x71 binaries/receive.o
 .comment       0x0000000000000000       0x71 binaries/recvclr.o
 .comment       0x0000000000000000       0x71 binaries/recvtime.o
 .comment       0x0000000000000000       0x71 binaries/resched.o
 .comment       0x0000000000000000       0x71 binaries/resume.o
 .comment       0x0000000000000000       0x71 binaries/seek.o
 .comment       0x0000000000000000       0x71 binaries/semcount.o
 .comment       0x0000000000000000       0x71 binaries/semcreate.o
 .comment       0x0000000000000000       0x71 binaries/semdelete.o
 .comment       0x0000000000000000       0x71 binaries/semreset.o
 .comment       0x0000000000000000       0x71 binaries/send.o
 .comment       0x0000000000000000       0x71 binaries/signal.o
 .comment       0x0000000000000000       0x71 binaries/signaln.o
 .comment       0x0000000000000000       0x71 binaries/sleep.o
 .comment       0x0000000000000000       0x71 binaries/suspend.o
 .comment       0x0000000000000000       0x71 binaries/unsleep.o
 .comment       0x0000000000000000       0x71 binaries/userret.o
 .comment       0x0000000000000000       0x71 binaries/wait.o
 .comment       0x0000000000000000       0x71 binaries/wakeup.o
 .comment       0x0000000000000000       0x71 binaries/write.o
 .comment       0x0000000000000000       0x71 binaries/xdone.o
 .comment       0x0000000000000000       0x71 binaries/yield.o
 .comment       0x0000000000000000       0x71 binaries/abs.o
 .comment       0x0000000000000000       0x71 binaries/atoi.o
 .comment       0x0000000000000000       0x71 binaries/atol.o
 .comment       0x0000000000000000       0x71 binaries/bzero.o
 .comment       0x0000000000000000       0x71 binaries/ctype_.o
 .comment       0x0000000000000000       0x71 binaries/doprnt.o
 .comment       0x0000000000000000       0x71 binaries/doscan.o
 .comment       0x0000000000000000       0x71 binaries/fdoprnt.o
 .comment       0x0000000000000000       0x71 binaries/fgetc.o
 .comment       0x0000000000000000       0x71 binaries/fgets.o
 .comment       0x0000000000000000       0x71 binaries/fprintf.o
 .comment       0x0000000000000000       0x71 binaries/fputc.o
 .comment       0x0000000000000000       0x71 binaries/fputs.o
 .comment       0x0000000000000000       0x71 binaries/fscanf.o
 .comment       0x0000000000000000       0x71 binaries/getchar.o
 .comment       0x0000000000000000       0x71 binaries/labs.o
 .comment       0x0000000000000000       0x71 binaries/memchr.o
 .comment       0x0000000000000000       0x71 binaries/memcmp.o
 .comment       0x0000000000000000       0x71 binaries/memcpy.o
 .comment       0x0000000000000000       0x71 binaries/memset.o
 .comment       0x0000000000000000       0x71 binaries/printf.o
 .comment       0x0000000000000000       0x71 binaries/putchar.o
 .comment       0x0000000000000000       0x71 binaries/qsort.o
 .comment       0x0000000000000000       0x71 binaries/rand.o
 .comment       0x0000000000000000       0x71 binaries/sprintf.o
 .comment       0x0000000000000000       0x71 binaries/sscanf.o
 .comment       0x0000000000000000       0x71 binaries/strchr.o
 .comment       0x0000000000000000       0x71 binaries/strcmp.o
 .comment       0x0000000000000000       0x71 binaries/strcpy.o
 .comment       0x0000000000000000       0x71 binaries/strlen.o
 .comment       0x0000000000000000       0x71 binaries/strncat.o
 .comment       0x0000000000000000       0x71 binaries/strncmp.o
 .comment       0x0000000000000000       0x71 binaries/strncpy.o
 .comment       0x0000000000000000       0x71 binaries/strnlen.o
 .comment       0x0000000000000000       0x71 binaries/strrchr.o
 .comment       0x0000000000000000       0x71 binaries/strstr.o
 .comment       0x0000000000000000       0x71 binaries/ttycontrol.o
 .comment       0x0000000000000000       0x71 binaries/ttygetc.o
 .comment       0x0000000000000000       0x71 binaries/ttyhandle_in.o
 .comment       0x0000000000000000       0x71 binaries/ttyhandle_out.o
 .comment       0x0000000000000000       0x71 binaries/ttyhandler.o
 .comment       0x0000000000000000       0x71 binaries/ttyinit.o
 .comment       0x0000000000000000       0x71 binaries/ttykickout.o
 .comment       0x0000000000000000       0x71 binaries/ttyputc.o
 .comment       0x0000000000000000       0x71 binaries/ttyread.o
 .comment       0x0000000000000000       0x71 binaries/ttywrite.o
 .comment       0x0000000000000000       0x71 binaries/mount.o
 .comment       0x0000000000000000       0x71 binaries/naminit.o
 .comment       0x0000000000000000       0x71 binaries/nammap.o
 .comment       0x0000000000000000       0x71 binaries/namopen.o
 .comment       0x0000000000000000       0x71 binaries/colon2mac.o
 .comment       0x0000000000000000       0x71 binaries/ethcontrol.o
 .comment       0x0000000000000000       0x71 binaries/ethhandler.o
 .comment       0x0000000000000000       0x71 binaries/ethinit.o
 .comment       0x0000000000000000       0x71 binaries/ethread.o
 .comment       0x0000000000000000       0x71 binaries/ethwrite.o
 .comment       0x0000000000000000       0x71 binaries/rdsbufalloc.o
 .comment       0x0000000000000000       0x71 binaries/rdsclose.o
 .comment       0x0000000000000000       0x71 binaries/rdscomm.o
 .comment       0x0000000000000000       0x71 binaries/rdscontrol.o
 .comment       0x0000000000000000       0x71 binaries/rdsinit.o
 .comment       0x0000000000000000       0x71 binaries/rdsopen.o
 .comment       0x0000000000000000       0x71 binaries/rdsprocess.o
 .comment       0x0000000000000000       0x71 binaries/rdsread.o
 .comment       0x0000000000000000       0x71 binaries/rdswrite.o
 .comment       0x0000000000000000       0x71 binaries/ramclose.o
 .comment       0x0000000000000000       0x71 binaries/raminit.o
 .comment       0x0000000000000000       0x71 binaries/ramopen.o
 .comment       0x0000000000000000       0x71 binaries/ramread.o
 .comment       0x0000000000000000       0x71 binaries/ramwrite.o
 .comment       0x0000000000000000       0x71 binaries/lfdballoc.o
 .comment       0x0000000000000000       0x71 binaries/lfdbfree.o
 .comment       0x0000000000000000       0x71 binaries/lfflush.o
 .comment       0x0000000000000000       0x71 binaries/lfgetmode.o
 .comment       0x0000000000000000       0x71 binaries/lfiballoc.o
 .comment       0x0000000000000000       0x71 binaries/lfibclear.o
 .comment       0x0000000000000000       0x71 binaries/lfibget.o
 .comment       0x0000000000000000       0x71 binaries/lfibput.o
 .comment       0x0000000000000000       0x71 binaries/lflclose.o
 .comment       0x0000000000000000       0x71 binaries/lflcontrol.o
 .comment       0x0000000000000000       0x71 binaries/lflgetc.o
 .comment       0x0000000000000000       0x71 binaries/lflinit.o
 .comment       0x0000000000000000       0x71 binaries/lflputc.o
 .comment       0x0000000000000000       0x71 binaries/lflread.o
 .comment       0x0000000000000000       0x71 binaries/lflseek.o
 .comment       0x0000000000000000       0x71 binaries/lflwrite.o
 .comment       0x0000000000000000       0x71 binaries/lfsckfmt.o
 .comment       0x0000000000000000       0x71 binaries/lfscreate.o
 .comment       0x0000000000000000       0x71 binaries/lfsetup.o
 .comment       0x0000000000000000       0x71 binaries/lfsinit.o
 .comment       0x0000000000000000       0x71 binaries/lfsopen.o
 .comment       0x0000000000000000       0x71 binaries/lftruncate.o
 .comment       0x0000000000000000       0x71 binaries/rflclose.o
 .comment       0x0000000000000000       0x71 binaries/rflgetc.o
 .comment       0x0000000000000000       0x71 binaries/rflinit.o
 .comment       0x0000000000000000       0x71 binaries/rflputc.o
 .comment       0x0000000000000000       0x71 binaries/rflread.o
 .comment       0x0000000000000000       0x71 binaries/rflseek.o
 .comment       0x0000000000000000       0x71 binaries/rflwrite.o
 .comment       0x0000000000000000       0x71 binaries/rfscomm.o
 .comment       0x0000000000000000       0x71 binaries/rfscontrol.o
 .comment       0x0000000000000000       0x71 binaries/rfsgetmode.o
 .comment       0x0000000000000000       0x71 binaries/rfsinit.o
 .comment       0x0000000000000000       0x71 binaries/rfsndmsg.o
 .comment       0x0000000000000000       0x71 binaries/rfsopen.o
 .comment       0x0000000000000000       0x71 binaries/arp.o
 .comment       0x0000000000000000       0x71 binaries/dhcp.o
 .comment       0x0000000000000000       0x71 binaries/dns.o
 .comment       0x0000000000000000       0x71 binaries/dot2ip.o
 .comment       0x0000000000000000       0x71 binaries/hexdump.o
 .comment       0x0000000000000000       0x71 binaries/icmp.o
 .comment       0x0000000000000000       0x71 binaries/ip.o
 .comment       0x0000000000000000       0x71 binaries/net.o
 .comment       0x0000000000000000       0x71 binaries/netstart.o
 .comment       0x0000000000000000       0x71 binaries/pdump.o
 .comment       0x0000000000000000       0x71 binaries/tftp.o
 .comment       0x0000000000000000       0x71 binaries/udp.o
 .comment       0x0000000000000000       0x71 binaries/addargs.o
 .comment       0x0000000000000000       0x71 binaries/lexan.o
 .comment       0x0000000000000000       0x71 binaries/shell.o
 .comment       0x0000000000000000       0x71 binaries/xsh_argecho.o
 .comment       0x0000000000000000       0x71 binaries/xsh_arp.o
 .comment       0x0000000000000000       0x71 binaries/xsh_cat.o
 .comment       0x0000000000000000       0x71 binaries/xsh_clear.o
 .comment       0x0000000000000000       0x71 binaries/xsh_date.o
 .comment       0x0000000000000000       0x71 binaries/xsh_devdump.o
 .comment       0x0000000000000000       0x71 binaries/xsh_echo.o
 .comment       0x0000000000000000       0x71 binaries/xsh_exit.o
 .comment       0x0000000000000000       0x71 binaries/xsh_hello.o
 .comment       0x0000000000000000       0x71 binaries/xsh_help.o
 .comment       0x0000000000000000       0x71 binaries/xsh_ipaddr.o
 .comment       0x0000000000000000       0x71 binaries/xsh_kill.o
 .comment       0x0000000000000000       0x71 binaries/xsh_led.o
 .comment       0x0000000000000000       0x71 binaries/xsh_memdump.o
 .comment       0x0000000000000000       0x71 binaries/xsh_memmgmt.o
 .comment       0x0000000000000000       0x71 binaries/xsh_memstat.o
 .comment       0x0000000000000000       0x71 binaries/xsh_ping.o
 .comment       0x0000000000000000       0x71 binaries/xsh_prodcons.o
 .comment       0x0000000000000000       0x71 binaries/xsh_ps.o
 .comment       0x0000000000000000       0x71 binaries/xsh_reset.o
 .comment       0x0000000000000000       0x71 binaries/xsh_sleep.o
 .comment       0x0000000000000000       0x71 binaries/xsh_udpdump.o
 .comment       0x0000000000000000       0x71 binaries/xsh_udpecho.o
 .comment       0x0000000000000000       0x71 binaries/xsh_udpeserver.o
 .comment       0x0000000000000000       0x71 binaries/xsh_uptime.o
 .comment       0x0000000000000000       0x71 binaries/consumer.o
 .comment       0x0000000000000000       0x71 binaries/future_cons.o
 .comment       0x0000000000000000       0x71 binaries/future_prod.o
 .comment       0x0000000000000000       0x71 binaries/producer.o
 .comment       0x0000000000000000       0x71 binaries/test.o

.debug_frame    0x0000000000000000       0x40
 .debug_frame   0x0000000000000000       0x20 /usr/lib/gcc/arm-none-eabi/4.9.3/libgcc.a(_udivsi3.o)
 .debug_frame   0x0000000000000020       0x20 /usr/lib/gcc/arm-none-eabi/4.9.3/libgcc.a(_divsi3.o)
